// Jest Snapshot v1, https://goo.gl/fbAQLP

exports[`Button 컴포넌트가 올바르게 렌더링됩니다 1`] = `
<div>
  <button>
    클릭하세요
  </button>
</div>
`;
